// Jest Snapshot v1, https://goo.gl/fbAQLP

exports[`HeaderText renders component 1`] = `
<DocumentFragment>
  <div
    class="makeStyles-textSizeChange-1 makeStyles-textSizeChange-3"
    data-testid="headerTextId"
  >
    This is the Header
  </div>
</DocumentFragment>
`;
